[08:22:52] [info] APP: [APP] Robot UI application created
[08:22:52] [info] APP: [APP] Robot UI initializing...
[08:22:52] [info] APP: [COMP] Item added: Item_1 (id=1)
[08:22:52] [info] APP: [GAMEPAD] Item added: Item_1 (id=1)
[08:22:52] [info] APP: [GSTREAMER] Initializing GStreamer...
[08:22:52] [info] APP: [GSTREAMER] Calling gst_init_check...
[08:22:52] [info] APP: [GSTREAMER] GStreamer initialized successfully
[08:22:52] [info] APP: [COMM] component added: Item_1 (id=1)
[08:22:52] [info] APP: [APP] RobotSettingPanel created
[08:22:52] [info] APP: [ROBOT_STATUS] RobotStatus created (multi-connection mode, with headless graph evaluator)
[08:22:52] [info] APP: [MONITOR_WALL] MonitorWall created
[08:22:52] [info] APP: [ROBOT_STATUS] Selected item set to: Item_1
[08:22:52] [info] APP: [ROBOT_STATUS] No graph for item 'Item_1' + gamepad 'Item_1', cleared
[08:22:52] [info] APP: [ROBOT_STATUS] Active gamepad set to: Item_1
[08:22:52] [info] APP: [APP] ImPlot context created
[08:22:52] [info] APP: [APP] Gamepad thread started
[08:22:52] [info] APP: [GAMEPAD] Gamepad routine started (100Hz)
[08:22:52] [info] APP: [APP] Kernel loaded: C:\Users\29164\Desktop\Robot-UI\Robot-UI-master\bin\Dist-windows-x86_64\Robot-UI\..\..\..\asset\file\default.kernel
[08:22:52] [info] APP: [APP] Loading component: C:\Users\29164\Desktop\Robot-UI\Robot-UI-master\asset\file\demo.rbt
[08:22:52] [info] APP: [component] Loading component: C:\Users\29164\Desktop\Robot-UI\Robot-UI-master\asset\file\demo.rbt
[08:22:52] [info] APP: [APP] Robot config loaded: C:\Users\29164\Desktop\Robot-UI\Robot-UI-master\asset\file\demo.rbt
[08:22:52] [info] APP: [COMM] Loaded 2 comm configs
[08:22:52] [info] APP: [ROBOT_STATUS] Selected item set to: Cemera
[08:22:52] [info] APP: [ROBOT_STATUS] No graph for item 'Cemera' + gamepad 'XBOX', cleared
[08:22:52] [info] APP: [ROBOT_STATUS] Active gamepad set to: XBOX
[08:22:52] [info] APP: [APP] Robot UI initialized successfully
[08:22:52] [info] APP: [CONFIG] Saved BASE: ls=0, ng=0
[08:22:52] [info] APP: [ROBOT_STATUS] Live sync to Manager: ON
[08:22:52] [info] APP: [CONFIG] RobotSetting editing started
[08:22:52] [info] APP: [component] Options editing started
[08:22:52] [info] APP: [ROBOT_STATUS] Synced graph from active NodeGraph #0 (ROV-XBOX)
[08:22:52] [info] APP: [ROBOT_STATUS] Selected item set to: ROV
[08:22:52] [info] APP: [ROBOT_STATUS] Derived ActiveMode 'ROV' from NodeGraph #0
[08:22:52] [info] APP: [ROBOT_STATUS] Active gamepad set to: XBOX
[08:22:52] [info] APP: [ROBOT_STATUS] Derived ActiveGamepad 'XBOX' from NodeGraph #0
[08:22:52] [info] APP: [ROBOT_STATUS] Derived 2 ActiveComm(s) from NodeGraph #0 comm_refs
[08:22:52] [info] APP: [ROBOT_STATUS] Synced graph from active NodeGraph #0 (ROV-XBOX)
[08:22:52] [info] APP: [ROBOT_STATUS] Synced 2 connections from graph comm_refs (linked=0)
[08:22:53] [trace] APP: [GAMEPAD] Routine heartbeat #100 (linked=false)
[08:22:54] [trace] APP: [GAMEPAD] Routine heartbeat #200 (linked=false)
[08:22:55] [trace] APP: [GAMEPAD] Routine heartbeat #300 (linked=false)
[08:22:56] [trace] APP: [GAMEPAD] Routine heartbeat #400 (linked=false)
[08:22:57] [trace] APP: [GAMEPAD] Routine heartbeat #500 (linked=false)
[08:22:58] [trace] APP: [GAMEPAD] Routine heartbeat #600 (linked=false)
[08:22:59] [trace] APP: [GAMEPAD] Routine heartbeat #700 (linked=false)
[08:23:01] [trace] APP: [GAMEPAD] Routine heartbeat #800 (linked=false)
[08:23:02] [trace] APP: [GAMEPAD] Routine heartbeat #900 (linked=false)
[08:23:03] [trace] APP: [GAMEPAD] Routine heartbeat #1000 (linked=false)
[08:23:04] [trace] APP: [GAMEPAD] Routine heartbeat #1100 (linked=false)
[08:23:05] [trace] APP: [GAMEPAD] Routine heartbeat #1200 (linked=false)
[08:23:06] [trace] APP: [GAMEPAD] Routine heartbeat #1300 (linked=false)
[08:23:07] [trace] APP: [GAMEPAD] Routine heartbeat #1400 (linked=false)
[08:23:08] [trace] APP: [GAMEPAD] Routine heartbeat #1500 (linked=false)
[08:23:09] [trace] APP: [GAMEPAD] Routine heartbeat #1600 (linked=false)
[08:23:10] [trace] APP: [GAMEPAD] Routine heartbeat #1700 (linked=false)
[08:23:11] [trace] APP: [GAMEPAD] Routine heartbeat #1800 (linked=false)
[08:23:12] [trace] APP: [GAMEPAD] Routine heartbeat #1900 (linked=false)
[08:23:13] [trace] APP: [GAMEPAD] Routine heartbeat #2000 (linked=false)
[08:23:14] [trace] APP: [GAMEPAD] Routine heartbeat #2100 (linked=false)
[08:23:16] [trace] APP: [GAMEPAD] Routine heartbeat #2200 (linked=false)
[08:23:17] [trace] APP: [GAMEPAD] Routine heartbeat #2300 (linked=false)
[08:23:18] [trace] APP: [GAMEPAD] Routine heartbeat #2400 (linked=false)
[08:23:19] [trace] APP: [GAMEPAD] Routine heartbeat #2500 (linked=false)
[08:23:20] [trace] APP: [GAMEPAD] Routine heartbeat #2600 (linked=false)
[08:23:21] [trace] APP: [GAMEPAD] Routine heartbeat #2700 (linked=false)
[08:23:22] [trace] APP: [GAMEPAD] Routine heartbeat #2800 (linked=false)
[08:23:23] [trace] APP: [GAMEPAD] Routine heartbeat #2900 (linked=false)
[08:23:24] [trace] APP: [GAMEPAD] Routine heartbeat #3000 (linked=false)
[08:23:25] [trace] APP: [GAMEPAD] Routine heartbeat #3100 (linked=false)
[08:23:26] [trace] APP: [GAMEPAD] Routine heartbeat #3200 (linked=false)
[08:23:27] [trace] APP: [GAMEPAD] Routine heartbeat #3300 (linked=false)
[08:23:28] [trace] APP: [GAMEPAD] Routine heartbeat #3400 (linked=false)
[08:23:30] [trace] APP: [GAMEPAD] Routine heartbeat #3500 (linked=false)
[08:23:31] [trace] APP: [GAMEPAD] Routine heartbeat #3600 (linked=false)
[08:23:32] [trace] APP: [GAMEPAD] Routine heartbeat #3700 (linked=false)
[08:23:33] [trace] APP: [GAMEPAD] Routine heartbeat #3800 (linked=false)
[08:23:34] [trace] APP: [GAMEPAD] Routine heartbeat #3900 (linked=false)
[08:23:35] [trace] APP: [GAMEPAD] Routine heartbeat #4000 (linked=false)
[08:23:36] [trace] APP: [GAMEPAD] Routine heartbeat #4100 (linked=false)
[08:23:37] [trace] APP: [GAMEPAD] Routine heartbeat #4200 (linked=false)
[08:23:38] [trace] APP: [GAMEPAD] Routine heartbeat #4300 (linked=false)
[08:23:39] [trace] APP: [GAMEPAD] Routine heartbeat #4400 (linked=false)
[08:23:40] [trace] APP: [GAMEPAD] Routine heartbeat #4500 (linked=false)
[08:23:41] [trace] APP: [GAMEPAD] Routine heartbeat #4600 (linked=false)
[08:23:42] [trace] APP: [GAMEPAD] Routine heartbeat #4700 (linked=false)
[08:23:43] [trace] APP: [GAMEPAD] Routine heartbeat #4800 (linked=false)
[08:23:45] [trace] APP: [GAMEPAD] Routine heartbeat #4900 (linked=false)
[08:23:46] [trace] APP: [GAMEPAD] Routine heartbeat #5000 (linked=false)
[08:23:47] [trace] APP: [GAMEPAD] Routine heartbeat #5100 (linked=false)
[08:23:48] [trace] APP: [GAMEPAD] Routine heartbeat #5200 (linked=false)
[08:23:49] [trace] APP: [GAMEPAD] Routine heartbeat #5300 (linked=false)
[08:23:50] [trace] APP: [GAMEPAD] Routine heartbeat #5400 (linked=false)
[08:23:51] [trace] APP: [GAMEPAD] Routine heartbeat #5500 (linked=false)
[08:23:52] [trace] APP: [GAMEPAD] Routine heartbeat #5600 (linked=false)
[08:23:53] [trace] APP: [GAMEPAD] Routine heartbeat #5700 (linked=false)
[08:23:54] [trace] APP: [GAMEPAD] Routine heartbeat #5800 (linked=false)
[08:23:55] [info] APP: [LIVESTREAM] Connecting to rtsp://192.168.0.38:8554 (max 3 attempts)...
[08:23:55] [info] APP: [LIVESTREAM]   Attempt 1 of 3...
[08:23:55] [error] APP: [LIVESTREAM] Connect timeout (no response within 2.5s)
[08:23:55] [error] APP: [LIVESTREAM]   Attempt 1 of 3 FAILED: Connection timeout — no response from camera
[08:23:55] [trace] APP: [GAMEPAD] Routine heartbeat #5900 (linked=false)
[08:23:56] [info] APP: [LIVESTREAM]   Attempt 2 of 3...
[08:23:56] [error] APP: [LIVESTREAM] Connect timeout (no response within 2.5s)
[08:23:56] [error] APP: [LIVESTREAM]   Attempt 2 of 3 FAILED: Connection timeout — no response from camera
[08:23:56] [info] APP: [LIVESTREAM] Connecting to rtsp://192.168.0.38:8554 (max 3 attempts)...
[08:23:56] [info] APP: [LIVESTREAM]   Attempt 1 of 3...
[08:23:56] [error] APP: [LIVESTREAM] Connect timeout (no response within 2.5s)
[08:23:56] [error] APP: [LIVESTREAM]   Attempt 1 of 3 FAILED: Connection timeout — no response from camera
[08:23:56] [trace] APP: [GAMEPAD] Routine heartbeat #6000 (linked=false)
[08:23:57] [info] APP: [LIVESTREAM]   Attempt 3 of 3...
[08:23:57] [error] APP: [LIVESTREAM] Connect timeout (no response within 2.5s)
[08:23:57] [error] APP: [LIVESTREAM]   Attempt 3 of 3 FAILED: Connection timeout — no response from camera
[08:23:57] [error] APP: [LIVESTREAM] All 3 attempts failed.
[08:23:57] [info] APP: [LIVESTREAM]   Attempt 2 of 3...
[08:23:57] [error] APP: [LIVESTREAM] Connect timeout (no response within 2.5s)
[08:23:57] [error] APP: [LIVESTREAM]   Attempt 2 of 3 FAILED: Connection timeout — no response from camera
[08:23:57] [trace] APP: [GAMEPAD] Routine heartbeat #6100 (linked=false)
[08:23:58] [info] APP: [LIVESTREAM]   Attempt 3 of 3...
[08:23:58] [error] APP: [LIVESTREAM] Connect timeout (no response within 2.5s)
[08:23:58] [error] APP: [LIVESTREAM]   Attempt 3 of 3 FAILED: Connection timeout — no response from camera
[08:23:58] [error] APP: [LIVESTREAM] All 3 attempts failed.
[08:23:59] [trace] APP: [GAMEPAD] Routine heartbeat #6200 (linked=false)
[08:24:00] [trace] APP: [GAMEPAD] Routine heartbeat #6300 (linked=false)
[08:24:00] [info] APP: [LIVESTREAM] Connecting to rtsp://192.168.0.38:8554 (max 3 attempts)...
[08:24:00] [info] APP: [LIVESTREAM]   Attempt 1 of 3...
[08:24:00] [error] APP: [LIVESTREAM] Connect timeout (no response within 2.5s)
[08:24:00] [error] APP: [LIVESTREAM]   Attempt 1 of 3 FAILED: Connection timeout — no response from camera
[08:24:00] [info] APP: [LIVESTREAM] Connecting to rtsp://192.168.0.38:8554 (max 3 attempts)...
[08:24:00] [info] APP: [LIVESTREAM]   Attempt 1 of 3...
[08:24:00] [error] APP: [LIVESTREAM] Connect timeout (no response within 2.5s)
[08:24:00] [error] APP: [LIVESTREAM]   Attempt 1 of 3 FAILED: Connection timeout — no response from camera
[08:24:01] [info] APP: [LIVESTREAM] Connecting to rtsp://192.168.0.38:8554 (max 3 attempts)...
[08:24:01] [info] APP: [LIVESTREAM]   Attempt 1 of 3...
[08:24:01] [error] APP: [LIVESTREAM] Connect timeout (no response within 2.5s)
[08:24:01] [error] APP: [LIVESTREAM]   Attempt 1 of 3 FAILED: Connection timeout — no response from camera
[08:24:01] [trace] APP: [GAMEPAD] Routine heartbeat #6400 (linked=false)
[08:24:01] [info] APP: [LIVESTREAM] Connecting to rtsp://192.168.0.38:8554 (max 3 attempts)...
[08:24:01] [info] APP: [LIVESTREAM]   Attempt 1 of 3...
[08:24:01] [error] APP: [LIVESTREAM] Connect timeout (no response within 2.5s)
[08:24:01] [info] APP: [LIVESTREAM] Connecting to rtsp://192.168.0.38:8554 (max 3 attempts)...
[08:24:01] [info] APP: [LIVESTREAM]   Attempt 1 of 3...
[08:24:01] [info] APP: [LIVESTREAM]   Attempt 2 of 3...
[08:24:01] [info] APP: [LIVESTREAM]   Attempt 2 of 3...
[08:24:01] [info] APP: [LIVESTREAM] Connecting to rtsp://192.168.0.38:8554 (max 3 attempts)...
[08:24:01] [info] APP: [LIVESTREAM]   Attempt 1 of 3...
[08:24:01] [info] APP: [LIVESTREAM]   Attempt 2 of 3...
[08:24:02] [info] APP: [LIVESTREAM] Connecting to rtsp://192.168.0.38:8554 (max 3 attempts)...
[08:24:02] [info] APP: [LIVESTREAM]   Attempt 1 of 3...
[08:24:02] [trace] APP: [GAMEPAD] Routine heartbeat #6500 (linked=false)
[08:24:03] [trace] APP: [GAMEPAD] Routine heartbeat #6600 (linked=false)
[08:24:04] [trace] APP: [GAMEPAD] Routine heartbeat #6700 (linked=false)
[08:24:05] [trace] APP: [GAMEPAD] Routine heartbeat #6800 (linked=false)
[08:24:06] [trace] APP: [GAMEPAD] Routine heartbeat #6900 (linked=false)
[08:24:07] [info] APP: [LIVESTREAM] Connecting to rtsp://192.168.0.38:8554 (max 3 attempts)...
[08:24:07] [info] APP: [LIVESTREAM]   Attempt 1 of 3...
[08:24:07] [trace] APP: [GAMEPAD] Routine heartbeat #7000 (linked=false)
[08:24:08] [trace] APP: [GAMEPAD] Routine heartbeat #7100 (linked=false)
[08:24:09] [trace] APP: [GAMEPAD] Routine heartbeat #7200 (linked=false)
[08:24:10] [trace] APP: [GAMEPAD] Routine heartbeat #7300 (linked=false)
[08:24:11] [trace] APP: [GAMEPAD] Routine heartbeat #7400 (linked=false)
[08:24:13] [trace] APP: [GAMEPAD] Routine heartbeat #7500 (linked=false)
[08:24:14] [trace] APP: [GAMEPAD] Routine heartbeat #7600 (linked=false)
[08:24:15] [trace] APP: [GAMEPAD] Routine heartbeat #7700 (linked=false)
[08:24:16] [trace] APP: [GAMEPAD] Routine heartbeat #7800 (linked=false)
[08:24:17] [trace] APP: [GAMEPAD] Routine heartbeat #7900 (linked=false)
[08:24:18] [trace] APP: [GAMEPAD] Routine heartbeat #8000 (linked=false)
[08:24:19] [trace] APP: [GAMEPAD] Routine heartbeat #8100 (linked=false)
[08:24:20] [trace] APP: [GAMEPAD] Routine heartbeat #8200 (linked=false)
[08:24:21] [error] APP: [LIVESTREAM]   Attempt 1 of 3 FAILED: Connection timeout — no response from camera
[08:24:21] [error] APP: [LIVESTREAM] Connect timeout (no response within 2.5s)
[08:24:21] [error] APP: [LIVESTREAM]   Attempt 1 of 3 FAILED: Connection timeout — no response from camera
[08:24:21] [error] APP: [LIVESTREAM] Connect timeout (no response within 2.5s)
[08:24:21] [error] APP: [LIVESTREAM] Connect timeout (no response within 2.5s)
[08:24:21] [error] APP: [LIVESTREAM] Connect timeout (no response within 2.5s)
[08:24:21] [error] APP: [LIVESTREAM] Connect timeout (no response within 2.5s)
[08:24:21] [error] APP: [LIVESTREAM] Connect timeout (no response within 2.5s)
[08:24:21] [error] APP: [LIVESTREAM]   Attempt 1 of 3 FAILED: Connection timeout — no response from camera
[08:24:21] [error] APP: [LIVESTREAM] Connect timeout (no response within 2.5s)
[08:24:21] [error] APP: [LIVESTREAM]   Attempt 2 of 3 FAILED: Connection timeout — no response from camera
[08:24:21] [error] APP: [LIVESTREAM]   Attempt 2 of 3 FAILED: Connection timeout — no response from camera
[08:24:21] [error] APP: [LIVESTREAM]   Attempt 1 of 3 FAILED: Connection timeout — no response from camera
[08:24:21] [error] APP: [LIVESTREAM]   Attempt 2 of 3 FAILED: Connection timeout — no response from camera
[08:24:21] [error] APP: [LIVESTREAM]   Attempt 1 of 3 FAILED: Connection timeout — no response from camera
[08:24:21] [trace] APP: [GAMEPAD] Routine heartbeat #8300 (linked=false)
[08:24:22] [info] APP: [LIVESTREAM]   Attempt 2 of 3...
[08:24:22] [error] APP: [LIVESTREAM] Connect timeout (no response within 2.5s)
[08:24:22] [error] APP: [LIVESTREAM]   Attempt 2 of 3 FAILED: Connection timeout — no response from camera
[08:24:22] [info] APP: [LIVESTREAM]   Attempt 2 of 3...
[08:24:22] [error] APP: [LIVESTREAM] Connect timeout (no response within 2.5s)
[08:24:22] [error] APP: [LIVESTREAM]   Attempt 2 of 3 FAILED: Connection timeout — no response from camera
[08:24:22] [info] APP: [LIVESTREAM]   Attempt 2 of 3...
[08:24:22] [error] APP: [LIVESTREAM] Connect timeout (no response within 2.5s)
[08:24:22] [info] APP: [LIVESTREAM]   Attempt 3 of 3...
[08:24:22] [info] APP: [LIVESTREAM]   Attempt 3 of 3...
[08:24:22] [info] APP: [LIVESTREAM]   Attempt 2 of 3...
[08:24:22] [info] APP: [LIVESTREAM]   Attempt 3 of 3...
[08:24:22] [info] APP: [LIVESTREAM]   Attempt 2 of 3...
[08:24:22] [error] APP: [LIVESTREAM]   Attempt 2 of 3 FAILED: Connection timeout — no response from camera
[08:24:22] [error] APP: [LIVESTREAM] Connect timeout (no response within 2.5s)
[08:24:22] [error] APP: [LIVESTREAM] Connect timeout (no response within 2.5s)
[08:24:22] [error] APP: [LIVESTREAM]   Attempt 3 of 3 FAILED: Connection timeout — no response from camera
[08:24:22] [error] APP: [LIVESTREAM] All 3 attempts failed.
[08:24:22] [error] APP: [LIVESTREAM] Connect timeout (no response within 2.5s)
[08:24:22] [error] APP: [LIVESTREAM]   Attempt 2 of 3 FAILED: Connection timeout — no response from camera
[08:24:22] [error] APP: [LIVESTREAM] Connect timeout (no response within 2.5s)
[08:24:22] [error] APP: [LIVESTREAM]   Attempt 3 of 3 FAILED: Connection timeout — no response from camera
[08:24:22] [error] APP: [LIVESTREAM] All 3 attempts failed.
[08:24:22] [error] APP: [LIVESTREAM] Connect timeout (no response within 2.5s)
[08:24:22] [error] APP: [LIVESTREAM]   Attempt 2 of 3 FAILED: Connection timeout — no response from camera
[08:24:22] [error] APP: [LIVESTREAM]   Attempt 3 of 3 FAILED: Connection timeout — no response from camera
[08:24:22] [error] APP: [LIVESTREAM] All 3 attempts failed.
[08:24:22] [trace] APP: [GAMEPAD] Routine heartbeat #8400 (linked=false)
[08:24:22] [info] APP: [LIVESTREAM]   Attempt 3 of 3...
[08:24:22] [error] APP: [LIVESTREAM] Connect timeout (no response within 2.5s)
[08:24:22] [error] APP: [LIVESTREAM]   Attempt 3 of 3 FAILED: Connection timeout — no response from camera
[08:24:22] [error] APP: [LIVESTREAM] All 3 attempts failed.
[08:24:23] [info] APP: [LIVESTREAM]   Attempt 3 of 3...
[08:24:23] [error] APP: [LIVESTREAM] Connect timeout (no response within 2.5s)
[08:24:23] [error] APP: [LIVESTREAM]   Attempt 3 of 3 FAILED: Connection timeout — no response from camera
[08:24:23] [error] APP: [LIVESTREAM] All 3 attempts failed.
[08:24:23] [info] APP: [LIVESTREAM]   Attempt 3 of 3...
[08:24:23] [error] APP: [LIVESTREAM] Connect timeout (no response within 2.5s)
[08:24:23] [error] APP: [LIVESTREAM]   Attempt 3 of 3 FAILED: Connection timeout — no response from camera
[08:24:23] [error] APP: [LIVESTREAM] All 3 attempts failed.
[08:24:23] [info] APP: [LIVESTREAM]   Attempt 3 of 3...
[08:24:23] [error] APP: [LIVESTREAM] Connect timeout (no response within 2.5s)
[08:24:23] [error] APP: [LIVESTREAM]   Attempt 3 of 3 FAILED: Connection timeout — no response from camera
[08:24:23] [error] APP: [LIVESTREAM] All 3 attempts failed.
[08:24:23] [info] APP: [LIVESTREAM]   Attempt 3 of 3...
[08:24:23] [error] APP: [LIVESTREAM] Connect timeout (no response within 2.5s)
[08:24:23] [error] APP: [LIVESTREAM]   Attempt 3 of 3 FAILED: Connection timeout — no response from camera
[08:24:23] [error] APP: [LIVESTREAM] All 3 attempts failed.
[08:24:23] [trace] APP: [GAMEPAD] Routine heartbeat #8500 (linked=false)
[08:24:24] [trace] APP: [GAMEPAD] Routine heartbeat #8600 (linked=false)
[08:24:25] [trace] APP: [GAMEPAD] Routine heartbeat #8700 (linked=false)
[08:24:26] [trace] APP: [GAMEPAD] Routine heartbeat #8800 (linked=false)
[08:24:28] [trace] APP: [GAMEPAD] Routine heartbeat #8900 (linked=false)
[08:24:29] [trace] APP: [GAMEPAD] Routine heartbeat #9000 (linked=false)
[08:24:30] [trace] APP: [GAMEPAD] Routine heartbeat #9100 (linked=false)
[08:24:30] [info] APP: [APP] Robot UI shutting down...
[08:24:30] [info] APP: [APP] Kernel saved: C:\Users\29164\Desktop\Robot-UI\Robot-UI-master\bin\Dist-windows-x86_64\Robot-UI\..\..\..\asset\file\default.kernel
[08:24:30] [info] APP: [GAMEPAD] Gamepad routine stopped
[08:24:30] [info] APP: [APP] Gamepad thread joined
